
> gem-duel@3.1.0 test
> vitest


[1m[44m DEV [49m[22m [34mv4.0.16 [39m[90mE:/Splendor Duel/splendor-duel[39m

 [32m鉁?[39m src/logic/actions/__tests__/initializeGame.test.js [2m([22m[2m2 tests[22m[2m)[22m[32m 5[2mms[22m[39m
 [32m鉁?[39m src/logic/actions/__tests__/gemMechanics.test.js [2m([22m[2m7 tests[22m[2m)[22m[32m 4[2mms[22m[39m
 [32m鉁?[39m src/logic/actions/__tests__/gameBoard.test.js [2m([22m[2m4 tests[22m[2m)[22m[32m 7[2mms[22m[39m
 [32m鉁?[39m src/logic/actions/__tests__/boardActions.test.js [2m([22m[2m6 tests[22m[2m)[22m[32m 3[2mms[22m[39m
 [32m鉁?[39m src/logic/actions/__tests__/boardActions.edge.test.js [2m([22m[2m4 tests[22m[2m)[22m[32m 6[2mms[22m[39m
 [32m鉁?[39m src/logic/actions/__tests__/logicDiscrepancy.test.js [2m([22m[2m3 tests[22m[2m)[22m[32m 6[2mms[22m[39m

[2m Test Files [22m [1m[32m6 passed[39m[22m[90m (6)[39m
[2m      Tests [22m [1m[32m26 passed[39m[22m[90m (26)[39m
[2m   Start at [22m 17:57:35
[2m   Duration [22m 896ms[2m (transform 422ms, setup 0ms, import 1.54s, tests 32ms, environment 2.32s)[22m

[1m[42m PASS [49m[22m [32mWaiting for file changes...[39m
       [2mpress [22m[1mh[22m[2m to show help[22m[2m, [22m[2mpress [22m[1mq[22m[2m to quit[22m
c[3J[1m[44m RERUN [49m[22m [34m[2msrc/logic/turnManager.ts [22m[39m

 [32m鉁?[39m src/logic/actions/__tests__/boardActions.test.js [2m([22m[2m6 tests[22m[2m)[22m[32m 3[2mms[22m[39m
 [32m鉁?[39m src/logic/actions/__tests__/logicDiscrepancy.test.js [2m([22m[2m3 tests[22m[2m)[22m[32m 5[2mms[22m[39m
 [32m鉁?[39m src/logic/actions/__tests__/boardActions.edge.test.js [2m([22m[2m4 tests[22m[2m)[22m[32m 6[2mms[22m[39m

[2m Test Files [22m [1m[32m3 passed[39m[22m[90m (3)[39m
[2m      Tests [22m [1m[32m13 passed[39m[22m[90m (13)[39m
[2m   Start at [22m 17:57:38
[2m   Duration [22m 341ms

[1m[42m PASS [49m[22m [32mWaiting for file changes...[39m
       [2mpress [22m[1mh[22m[2m to show help[22m[2m, [22m[2mpress [22m[1mq[22m[2m to quit[22m
